Input Notebook:  notebooks/05_clustering.ipynb
Output Notebook: reports/executed/05_clustering.ipynb
Working directory: .
/usr/local/lib/python3.11/site-packages/nbformat/validator.py:434: MissingIDFieldWarning: Cell is missing an id field, this will become a hard error in future nbformat versions. You may want to use `normalize()` on your notebooks before validations (available since nbformat 5.1.4). Previous versions of nbformat are fixing this issue transparently, and will stop doing so in the future.
  _validate(nbdict, ref, version, version_minor, relax_add_props)
Executing notebook with kernel: python3
Traceback (most recent call last):
  File "/usr/local/bin/papermill", line 8, in <module>
    sys.exit(papermill())
             ^^^^^^^^^^^
  File "/usr/local/lib/python3.11/site-packages/click/core.py", line 1631, in __call__
    return self.main(*args, **kwargs)
           ^^^^^^^^^^^^^^^^^^^^^^^^^^
  File "/usr/local/lib/python3.11/site-packages/click/core.py", line 1552, in main
    rv = self.invoke(ctx)
         ^^^^^^^^^^^^^^^^
  File "/usr/local/lib/python3.11/site-packages/click/core.py", line 1415, in invoke
    return ctx.invoke(self.callback, **ctx.params)
           ^^^^^^^^^^^^^^^^^^^^^^^^^^^^^^^^^^^^^^^
  File "/usr/local/lib/python3.11/site-packages/click/core.py", line 910, in invoke
    return callback(*args, **kwargs)
           ^^^^^^^^^^^^^^^^^^^^^^^^^
  File "/usr/local/lib/python3.11/site-packages/click/decorators.py", line 34, in new_func
    return f(get_current_context(), *args, **kwargs)
           ^^^^^^^^^^^^^^^^^^^^^^^^^^^^^^^^^^^^^^^^^
  File "/usr/local/lib/python3.11/site-packages/papermill/cli.py", line 235, in papermill
    execute_notebook(
  File "/usr/local/lib/python3.11/site-packages/papermill/execute.py", line 131, in execute_notebook
    raise_for_execution_errors(nb, output_path)
  File "/usr/local/lib/python3.11/site-packages/papermill/execute.py", line 251, in raise_for_execution_errors
    raise error
papermill.exceptions.PapermillExecutionError: 
---------------------------------------------------------------------------
Exception encountered at "In [7]":
---------------------------------------------------------------------------
KeyError                                  Traceback (most recent call last)
Cell In[7], line 39
     35         "RMSE": aug_rmse
     36     })
     37 
     38 summary_df = pd.DataFrame(summary_rows)
---> 39 summary_df = summary_df.sort_values("RMSE", ascending=True, na_position="last")
     40 
     41 print("\n=== Model Performance Summary ===")
     42 print(summary_df.to_string(index=False))

File /usr/local/lib/python3.11/site-packages/pandas/core/frame.py:7189, in DataFrame.sort_values(self, by, axis, ascending, inplace, kind, na_position, ignore_index, key)
   7185             )
   7186         elif len(by):
   7187             # len(by) == 1
   7188 
-> 7189             k = self._get_label_or_level_values(by[0], axis=axis)
   7190 
   7191             # need to rewrap column in Series to apply key function
   7192             if key is not None:

File /usr/local/lib/python3.11/site-packages/pandas/core/generic.py:1911, in NDFrame._get_label_or_level_values(self, key, axis)
   1907             values = self.xs(key, axis=other_axes[0])._values
   1908         elif self._is_level_reference(key, axis=axis):
   1909             values = self.axes[axis].get_level_values(key)._values
   1910         else:
-> 1911             raise KeyError(key)
   1912 
   1913         # Check for duplicates
   1914         if values.ndim > 1:

KeyError: 'RMSE'

