Input Notebook:  notebooks/09_anomaly_detection.ipynb
Output Notebook: reports/executed/09_anomaly_detection.ipynb
Working directory: .
/usr/local/lib/python3.11/site-packages/nbformat/validator.py:434: MissingIDFieldWarning: Cell is missing an id field, this will become a hard error in future nbformat versions. You may want to use `normalize()` on your notebooks before validations (available since nbformat 5.1.4). Previous versions of nbformat are fixing this issue transparently, and will stop doing so in the future.
  _validate(nbdict, ref, version, version_minor, relax_add_props)
Executing notebook with kernel: python3
Traceback (most recent call last):
  File "/usr/local/bin/papermill", line 8, in <module>
    sys.exit(papermill())
             ^^^^^^^^^^^
  File "/usr/local/lib/python3.11/site-packages/click/core.py", line 1631, in __call__
    return self.main(*args, **kwargs)
           ^^^^^^^^^^^^^^^^^^^^^^^^^^
  File "/usr/local/lib/python3.11/site-packages/click/core.py", line 1552, in main
    rv = self.invoke(ctx)
         ^^^^^^^^^^^^^^^^
  File "/usr/local/lib/python3.11/site-packages/click/core.py", line 1415, in invoke
    return ctx.invoke(self.callback, **ctx.params)
           ^^^^^^^^^^^^^^^^^^^^^^^^^^^^^^^^^^^^^^^
  File "/usr/local/lib/python3.11/site-packages/click/core.py", line 910, in invoke
    return callback(*args, **kwargs)
           ^^^^^^^^^^^^^^^^^^^^^^^^^
  File "/usr/local/lib/python3.11/site-packages/click/decorators.py", line 34, in new_func
    return f(get_current_context(), *args, **kwargs)
           ^^^^^^^^^^^^^^^^^^^^^^^^^^^^^^^^^^^^^^^^^
  File "/usr/local/lib/python3.11/site-packages/papermill/cli.py", line 235, in papermill
    execute_notebook(
  File "/usr/local/lib/python3.11/site-packages/papermill/execute.py", line 131, in execute_notebook
    raise_for_execution_errors(nb, output_path)
  File "/usr/local/lib/python3.11/site-packages/papermill/execute.py", line 251, in raise_for_execution_errors
    raise error
papermill.exceptions.PapermillExecutionError: 
---------------------------------------------------------------------------
Exception encountered at "In [10]":
---------------------------------------------------------------------------
TypeError                                 Traceback (most recent call last)
Cell In[10], line 6
      2 # notebook 08 has been run.
      3 from mlxtend.frequent_patterns import apriori, association_rules
      4 
      5 frequent = apriori(transactions, min_support=0.03, use_colnames=True)
----> 6 local_rules = association_rules(frequent, metric="confidence", min_threshold=0.80)
      7 local_rules = local_rules[local_rules["lift"] > 1.1]
      8 print(f"{len(local_rules)} rules at confidence >= 0.80, lift > 1.1")
      9 local_rules.nlargest(10, "confidence")[["antecedents", "consequents", "support", "confidence", "lift"]]

TypeError: association_rules() missing 1 required positional argument: 'num_itemsets'

